// Jest Snapshot v1, https://goo.gl/fbAQLP

exports[`Admin | containers | SettingsPage should render SettingsPage 1`] = `<DocumentFragment />`;
